
> frontend@0.0.0 build
> vite build

[36mvite v7.1.3 [32mbuilding for production...[36m[39m
transforming...
[32m✓[39m 36 modules transformed.
[31m✗[39m Build failed in 1.50s
[31merror during build:
[31m[vite:esbuild] Transform failed with 1 error:
D:/BloodDonation/frontend/src/Pages/AdminDashboard.jsx:16:7: ERROR: The symbol "PatientSearchForm" has already been declared[31m
file: [36mD:/BloodDonation/frontend/src/Pages/AdminDashboard.jsx:16:7[31m
[33m
[33mThe symbol "PatientSearchForm" has already been declared[33m
14 |  import UserSearchForm from "../components/UserSearchForm";
15 |  import PatientSearchForm from "../components/PatientSearchForm";
16 |  import PatientSearchForm from "../components/PatientSearchForm";
   |         ^
17 |  import Navbar from "../components/Navbar";
18 |  import { useToast } from "../context/ToastContext";
[31m
    at failureErrorWithLog (D:\BloodDonation\frontend\node_modules\esbuild\lib\main.js:1467:15)
    at D:\BloodDonation\frontend\node_modules\esbuild\lib\main.js:736:50
    at responseCallbacks.<computed> (D:\BloodDonation\frontend\node_modules\esbuild\lib\main.js:603:9)
    at handleIncomingPacket (D:\BloodDonation\frontend\node_modules\esbuild\lib\main.js:658:12)
    at Socket.readFromStdout (D:\BloodDonation\frontend\node_modules\esbuild\lib\main.js:581:7)
    at Socket.emit (node:events:508:28)
    at addChunk (node:internal/streams/readable:559:12)
    at readableAddChunkPushByteMode (node:internal/streams/readable:510:3)
    at Readable.push (node:internal/streams/readable:390:5)
    at Pipe.onStreamRead (node:internal/stream_base_commons:189:23)[39m
