
> frontend@0.0.0 test:selenium
> jest --config tests/jest-selenium.config.cjs

node.exe : FAIL tests/donor-flow.test.js (9.232 s)
At C:\nvm4w\nodejs\npm.ps1:16 char:5
+     & "$basedir/node$exe"  "$basedir/node_modules/npm/bin/npm-cli.js" ...
+     ~~~~~~~~~~~~~~~~~~~~~~~~~~~~~~~~~~~~~~~~~~~~~~~~~~~~~~~~~~~~~~~~~
    + CategoryInfo          : NotSpecified: (FAIL tests/donor-flow.test.js (9. 
   232 s):String) [], RemoteException
    + FullyQualifiedErrorId : NativeCommandError
 
  ΓùÅ Donor Complete Flow Tests ΓÇ║ should successfully login as donor

    UnexpectedAlertOpenError: unexpected alert open: {Alert text : ΓÜá∩╕Å Your 
session has expired. Please log in again.}
      (Session info: chrome=141.0.7390.123)

      at Object.throwDecodedError 
(node_modules/selenium-webdriver/lib/error.js:523:15)
      at parseHttpResponse (node_modules/selenium-webdriver/lib/http.js:524:13)
      at Executor.execute (node_modules/selenium-webdriver/lib/http.js:456:28)
      at Driver.execute 
(node_modules/selenium-webdriver/lib/webdriver.js:745:17)
      at Driver.findElements 
(node_modules/selenium-webdriver/lib/webdriver.js:1073:17)

  ΓùÅ Donor Complete Flow Tests ΓÇ║ should navigate to donor registration page

    UnexpectedAlertOpenError: unexpected alert open: {Alert text : ΓÜá∩╕Å Your 
session has expired. Please log in again.}
      (Session info: chrome=141.0.7390.123)

    [0m [90m 51 |[39m
     [90m 52 |[39m   test([32m'should navigate to donor registration 
page'[39m[33m,[39m [36masync[39m () [33m=>[39m {
    [31m[1m>[22m[39m[90m 53 |[39m     [36mawait[39m driver[33m.[39m[
36mget[39m([32m`${BASE_URL}/donor-register`[39m)[33m;[39m
     [90m    |[39m     [31m[1m^[22m[39m
     [90m 54 |[39m     [36mawait[39m driver[33m.[39mwait(until[33m.[39m
elementLocated([33mBy[39m[33m.[39mcss([32m'form'[39m))[33m,[39m 
[35m10000[39m)[33m;[39m
     [90m 55 |[39m
     [90m 56 |[39m     [90m// Check if donor registration form is 
present[39m[0m

      at Object.throwDecodedError 
(node_modules/selenium-webdriver/lib/error.js:523:15)
      at parseHttpResponse (node_modules/selenium-webdriver/lib/http.js:524:13)
      at Executor.execute (node_modules/selenium-webdriver/lib/http.js:456:28)
      at Driver.execute 
(node_modules/selenium-webdriver/lib/webdriver.js:745:17)
      at Object.<anonymous> (tests/donor-flow.test.js:53:5)

  ΓùÅ Donor Complete Flow Tests ΓÇ║ should load donor search page

    UnexpectedAlertOpenError: unexpected alert open: {Alert text : ΓÜá∩╕Å Your 
session has expired. Please log in again.}
      (Session info: chrome=141.0.7390.123)

    [0m [90m 60 |[39m
     [90m 61 |[39m   test([32m'should load donor search 
page'[39m[33m,[39m [36masync[39m () [33m=>[39m {
    [31m[1m>[22m[39m[90m 62 |[39m     [36mawait[39m 
driver[33m.[39m[36mget[39m([32m`${BASE_URL}/donor-search`[39m)[33m;[39m
     [90m    |[39m     [31m[1m^[22m[39m
     [90m 63 |[39m     [36mawait[39m driver[33m.[39mwait(until[33m.[39m
elementLocated([33mBy[39m[33m.[39mcss([32m'input, 
select'[39m))[33m,[39m [35m10000[39m)[33m;[39m
     [90m 64 |[39m
     [90m 65 |[39m     [90m// Check if search filters are present[39m[0m

      at Object.throwDecodedError 
(node_modules/selenium-webdriver/lib/error.js:523:15)
      at parseHttpResponse (node_modules/selenium-webdriver/lib/http.js:524:13)
      at Executor.execute (node_modules/selenium-webdriver/lib/http.js:456:28)
      at Driver.execute 
(node_modules/selenium-webdriver/lib/webdriver.js:745:17)
      at Object.<anonymous> (tests/donor-flow.test.js:62:5)

  ΓùÅ Donor Complete Flow Tests ΓÇ║ should validate blood group selection

    UnexpectedAlertOpenError: unexpected alert open: {Alert text : ΓÜá∩╕Å Your 
session has expired. Please log in again.}
      (Session info: chrome=141.0.7390.123)

    [0m [90m 69 |[39m
     [90m 70 |[39m   test([32m'should validate blood group 
selection'[39m[33m,[39m [36masync[39m () [33m=>[39m {
    [31m[1m>[22m[39m[90m 71 |[39m     [36mawait[39m driver[33m.[39m[
36mget[39m([32m`${BASE_URL}/donor-register`[39m)[33m;[39m
     [90m    |[39m     [31m[1m^[22m[39m
     [90m 72 |[39m     [36mawait[39m driver[33m.[39mwait(until[33m.[39m
elementLocated([33mBy[39m[33m.[39mcss([32m'form'[39m))[33m,[39m 
[35m10000[39m)[33m;[39m
     [90m 73 |[39m
     [90m 74 |[39m     [90m// Check if blood group dropdown/select 
exists[39m[0m

      at Object.throwDecodedError 
(node_modules/selenium-webdriver/lib/error.js:523:15)
      at parseHttpResponse (node_modules/selenium-webdriver/lib/http.js:524:13)
      at Executor.execute (node_modules/selenium-webdriver/lib/http.js:456:28)
      at Driver.execute 
(node_modules/selenium-webdriver/lib/webdriver.js:745:17)
      at Object.<anonymous> (tests/donor-flow.test.js:71:5)

  ΓùÅ Donor Complete Flow Tests ΓÇ║ should validate required fields

    UnexpectedAlertOpenError: unexpected alert open: {Alert text : ΓÜá∩╕Å Your 
session has expired. Please log in again.}
      (Session info: chrome=141.0.7390.123)

    [0m [90m 78 |[39m
     [90m 79 |[39m   test([32m'should validate required 
fields'[39m[33m,[39m [36masync[39m () [33m=>[39m {
    [31m[1m>[22m[39m[90m 80 |[39m     [36mawait[39m driver[33m.[39m[
36mget[39m([32m`${BASE_URL}/donor-register`[39m)[33m;[39m
     [90m    |[39m     [31m[1m^[22m[39m
     [90m 81 |[39m     [36mawait[39m driver[33m.[39mwait(until[33m.[39m
elementLocated([33mBy[39m[33m.[39mcss([32m'form'[39m))[33m,[39m 
[35m10000[39m)[33m;[39m
     [90m 82 |[39m
     [90m 83 |[39m     [90m// Try to submit without filling fields[39m[0m

      at Object.throwDecodedError 
(node_modules/selenium-webdriver/lib/error.js:523:15)
      at parseHttpResponse (node_modules/selenium-webdriver/lib/http.js:524:13)
      at Executor.execute (node_modules/selenium-webdriver/lib/http.js:456:28)
      at Driver.execute 
(node_modules/selenium-webdriver/lib/webdriver.js:745:17)
      at Object.<anonymous> (tests/donor-flow.test.js:80:5)

FAIL tests/navigation.test.js (9.248 s)
  ΓùÅ Navigation and UI Tests ΓÇ║ should load landing page successfully

    UnexpectedAlertOpenError: unexpected alert open: {Alert text : ΓÜá∩╕Å Your 
session has expired. Please log in again.}
      (Session info: chrome=141.0.7390.123)

      at Object.throwDecodedError 
(node_modules/selenium-webdriver/lib/error.js:523:15)
      at parseHttpResponse (node_modules/selenium-webdriver/lib/http.js:524:13)
      at Executor.execute (node_modules/selenium-webdriver/lib/http.js:456:28)
      at Driver.execute 
(node_modules/selenium-webdriver/lib/webdriver.js:745:17)
      at Driver.findElements 
(node_modules/selenium-webdriver/lib/webdriver.js:1073:17)

  ΓùÅ Navigation and UI Tests ΓÇ║ should navigate from home to login

    UnexpectedAlertOpenError: unexpected alert open: {Alert text : ΓÜá∩╕Å Your 
session has expired. Please log in again.}
      (Session info: chrome=141.0.7390.123)

    [0m [90m 34 |[39m
     [90m 35 |[39m   test([32m'should navigate from home to 
login'[39m[33m,[39m [36masync[39m () [33m=>[39m {
    [31m[1m>[22m[39m[90m 36 |[39m     [36mawait[39m 
driver[33m.[39m[36mget[39m([33mBASE_URL[39m)[33m;[39m
     [90m    |[39m     [31m[1m^[22m[39m
     [90m 37 |[39m     [36mawait[39m driver[33m.[39mwait(until[33m.[39m
elementLocated([33mBy[39m[33m.[39mcss([32m'body'[39m))[33m,[39m 
[35m10000[39m)[33m;[39m
     [90m 38 |[39m
     [90m 39 |[39m     [90m// Find and click login link/button[39m[0m

      at Object.throwDecodedError 
(node_modules/selenium-webdriver/lib/error.js:523:15)
      at parseHttpResponse (node_modules/selenium-webdriver/lib/http.js:524:13)
      at Executor.execute (node_modules/selenium-webdriver/lib/http.js:456:28)
      at Driver.execute 
(node_modules/selenium-webdriver/lib/webdriver.js:745:17)
      at Object.<anonymous> (tests/navigation.test.js:36:5)

  ΓùÅ Navigation and UI Tests ΓÇ║ should navigate from home to register

    UnexpectedAlertOpenError: unexpected alert open: {Alert text : ΓÜá∩╕Å Your 
session has expired. Please log in again.}
      (Session info: chrome=141.0.7390.123)

    [0m [90m 48 |[39m
     [90m 49 |[39m   test([32m'should navigate from home to 
register'[39m[33m,[39m [36masync[39m () [33m=>[39m {
    [31m[1m>[22m[39m[90m 50 |[39m     [36mawait[39m 
driver[33m.[39m[36mget[39m([33mBASE_URL[39m)[33m;[39m
     [90m    |[39m     [31m[1m^[22m[39m
     [90m 51 |[39m     [36mawait[39m driver[33m.[39mwait(until[33m.[39m
elementLocated([33mBy[39m[33m.[39mcss([32m'body'[39m))[33m,[39m 
[35m10000[39m)[33m;[39m
     [90m 52 |[39m
     [90m 53 |[39m     [90m// Find and click register link/button[39m[0m

      at Object.throwDecodedError 
(node_modules/selenium-webdriver/lib/error.js:523:15)
      at parseHttpResponse (node_modules/selenium-webdriver/lib/http.js:524:13)
      at Executor.execute (node_modules/selenium-webdriver/lib/http.js:456:28)
      at Driver.execute 
(node_modules/selenium-webdriver/lib/webdriver.js:745:17)
      at Object.<anonymous> (tests/navigation.test.js:50:5)

  ΓùÅ Navigation and UI Tests ΓÇ║ should load donor search page

    WebDriverError: aborted by navigation: Not attached to an active page
      (Session info: chrome=141.0.7390.123)

      at Object.throwDecodedError 
(node_modules/selenium-webdriver/lib/error.js:523:15)
      at parseHttpResponse (node_modules/selenium-webdriver/lib/http.js:524:13)
      at Executor.execute (node_modules/selenium-webdriver/lib/http.js:456:28)
      at Driver.execute 
(node_modules/selenium-webdriver/lib/webdriver.js:745:17)
      at Driver.findElements 
(node_modules/selenium-webdriver/lib/webdriver.js:1073:17)

  ΓùÅ Navigation and UI Tests ΓÇ║ should handle 404 pages gracefully

    WebDriverError: aborted by navigation: Not attached to an active page
      (Session info: chrome=141.0.7390.123)

    [0m [90m 70 |[39m
     [90m 71 |[39m   test([32m'should handle 404 pages 
gracefully'[39m[33m,[39m [36masync[39m () [33m=>[39m {
    [31m[1m>[22m[39m[90m 72 |[39m     [36mawait[39m driver[33m.[39m[
36mget[39m([32m`${BASE_URL}/non-existent-page-12345`[39m)[33m;[39m
     [90m    |[39m     [31m[1m^[22m[39m
     [90m 73 |[39m     [36mawait[39m 
driver[33m.[39msleep([35m2000[39m)[33m;[39m
     [90m 74 |[39m
     [90m 75 |[39m     [90m// Should either redirect or show 404[39m[0m

      at Object.throwDecodedError 
(node_modules/selenium-webdriver/lib/error.js:523:15)
      at parseHttpResponse (node_modules/selenium-webdriver/lib/http.js:524:13)
      at Executor.execute (node_modules/selenium-webdriver/lib/http.js:456:28)
      at Driver.execute 
(node_modules/selenium-webdriver/lib/webdriver.js:745:17)
      at Object.<anonymous> (tests/navigation.test.js:72:5)

  ΓùÅ Navigation and UI Tests ΓÇ║ should have responsive navigation menu

    WebDriverError: aborted by navigation: Not attached to an active page
      (Session info: chrome=141.0.7390.123)

    [0m [90m 79 |[39m
     [90m 80 |[39m   test([32m'should have responsive navigation 
menu'[39m[33m,[39m [36masync[39m () [33m=>[39m {
    [31m[1m>[22m[39m[90m 81 |[39m     [36mawait[39m 
driver[33m.[39m[36mget[39m([33mBASE_URL[39m)[33m;[39m
     [90m    |[39m     [31m[1m^[22m[39m
     [90m 82 |[39m     [36mawait[39m driver[33m.[39mwait(until[33m.[39m
elementLocated([33mBy[39m[33m.[39mcss([32m'body'[39m))[33m,[39m 
[35m10000[39m)[33m;[39m
     [90m 83 |[39m
     [90m 84 |[39m     [90m// Check if navigation elements exist[39m[0m

      at Object.throwDecodedError 
(node_modules/selenium-webdriver/lib/error.js:523:15)
      at parseHttpResponse (node_modules/selenium-webdriver/lib/http.js:524:13)
      at Executor.execute (node_modules/selenium-webdriver/lib/http.js:456:28)
      at Driver.execute 
(node_modules/selenium-webdriver/lib/webdriver.js:745:17)
      at Object.<anonymous> (tests/navigation.test.js:81:5)

  ΓùÅ Navigation and UI Tests ΓÇ║ should have footer elements

    WebDriverError: aborted by navigation: Not attached to an active page
      (Session info: chrome=141.0.7390.123)

    [0m [90m 88 |[39m
     [90m 89 |[39m   test([32m'should have footer elements'[39m[33m,[39m 
[36masync[39m () [33m=>[39m {
    [31m[1m>[22m[39m[90m 90 |[39m     [36mawait[39m 
driver[33m.[39m[36mget[39m([33mBASE_URL[39m)[33m;[39m
     [90m    |[39m     [31m[1m^[22m[39m
     [90m 91 |[39m     [36mawait[39m driver[33m.[39mwait(until[33m.[39m
elementLocated([33mBy[39m[33m.[39mcss([32m'body'[39m))[33m,[39m 
[35m10000[39m)[33m;[39m
     [90m 92 |[39m
     [90m 93 |[39m     [90m// Scroll to bottom[39m[0m

      at Object.throwDecodedError 
(node_modules/selenium-webdriver/lib/error.js:523:15)
      at parseHttpResponse (node_modules/selenium-webdriver/lib/http.js:524:13)
      at Executor.execute (node_modules/selenium-webdriver/lib/http.js:456:28)
      at Driver.execute 
(node_modules/selenium-webdriver/lib/webdriver.js:745:17)
      at Object.<anonymous> (tests/navigation.test.js:90:5)

FAIL tests/admin-flow.test.js (9.285 s)
  ΓùÅ Admin Complete Flow Tests ΓÇ║ should successfully login as admin

    UnexpectedAlertOpenError: unexpected alert open: {Alert text : ΓÜá∩╕Å Your 
session has expired. Please log in again.}
      (Session info: chrome=141.0.7390.123)

      at Object.throwDecodedError 
(node_modules/selenium-webdriver/lib/error.js:523:15)
      at parseHttpResponse (node_modules/selenium-webdriver/lib/http.js:524:13)
      at Executor.execute (node_modules/selenium-webdriver/lib/http.js:456:28)
      at Driver.execute 
(node_modules/selenium-webdriver/lib/webdriver.js:745:17)
      at Driver.findElements 
(node_modules/selenium-webdriver/lib/webdriver.js:1073:17)

  ΓùÅ Admin Complete Flow Tests ΓÇ║ should navigate to admin dashboard

    UnexpectedAlertOpenError: unexpected alert open: {Alert text : ΓÜá∩╕Å Your 
session has expired. Please log in again.}
      (Session info: chrome=141.0.7390.123)

    [0m [90m 49 |[39m
     [90m 50 |[39m   test([32m'should navigate to admin 
dashboard'[39m[33m,[39m [36masync[39m () [33m=>[39m {
    [31m[1m>[22m[39m[90m 51 |[39m     [36mawait[39m driver[33m.[39m[
36mget[39m([32m`${BASE_URL}/admin-dashboard`[39m)[33m;[39m
     [90m    |[39m     [31m[1m^[22m[39m
     [90m 52 |[39m     [36mawait[39m driver[33m.[39mwait(until[33m.[39m
elementLocated([33mBy[39m[33m.[39mcss([32m'body'[39m))[33m,[39m 
[35m10000[39m)[33m;[39m
     [90m 53 |[39m
     [90m 54 |[39m     [36mconst[39m currentUrl [33m=[39m 
[36mawait[39m driver[33m.[39mgetCurrentUrl()[33m;[39m[0m

      at Object.throwDecodedError 
(node_modules/selenium-webdriver/lib/error.js:523:15)
      at parseHttpResponse (node_modules/selenium-webdriver/lib/http.js:524:13)
      at Executor.execute (node_modules/selenium-webdriver/lib/http.js:456:28)
      at Driver.execute 
(node_modules/selenium-webdriver/lib/webdriver.js:745:17)
      at Object.<anonymous> (tests/admin-flow.test.js:51:5)

  ΓùÅ Admin Complete Flow Tests ΓÇ║ should load admin registration page

    UnexpectedAlertOpenError: unexpected alert open: {Alert text : ΓÜá∩╕Å Your 
session has expired. Please log in again.}
      (Session info: chrome=141.0.7390.123)

    [0m [90m 57 |[39m
     [90m 58 |[39m   test([32m'should load admin registration 
page'[39m[33m,[39m [36masync[39m () [33m=>[39m {
    [31m[1m>[22m[39m[90m 59 |[39m     [36mawait[39m driver[33m.[39m[
36mget[39m([32m`${BASE_URL}/admin-register`[39m)[33m;[39m
     [90m    |[39m     [31m[1m^[22m[39m
     [90m 60 |[39m     [36mawait[39m driver[33m.[39mwait(until[33m.[39m
elementLocated([33mBy[39m[33m.[39mcss([32m'body'[39m))[33m,[39m 
[35m10000[39m)[33m;[39m
     [90m 61 |[39m
     [90m 62 |[39m     [36mconst[39m currentUrl [33m=[39m 
[36mawait[39m driver[33m.[39mgetCurrentUrl()[33m;[39m[0m

      at Object.throwDecodedError 
(node_modules/selenium-webdriver/lib/error.js:523:15)
      at parseHttpResponse (node_modules/selenium-webdriver/lib/http.js:524:13)
      at Executor.execute (node_modules/selenium-webdriver/lib/http.js:456:28)
      at Driver.execute 
(node_modules/selenium-webdriver/lib/webdriver.js:745:17)
      at Object.<anonymous> (tests/admin-flow.test.js:59:5)

FAIL tests/bloodbank-flow.test.js (12.918 s)
  ΓùÅ Blood Bank Complete Flow Tests ΓÇ║ should load blood bank login page

    UnexpectedAlertOpenError: unexpected alert open: {Alert text : ΓÜá∩╕Å Your 
session has expired. Please log in again.}
      (Session info: chrome=141.0.7390.123)

      at Object.throwDecodedError 
(node_modules/selenium-webdriver/lib/error.js:523:15)
      at parseHttpResponse (node_modules/selenium-webdriver/lib/http.js:524:13)
      at Executor.execute (node_modules/selenium-webdriver/lib/http.js:456:28)
      at Driver.execute 
(node_modules/selenium-webdriver/lib/webdriver.js:745:17)
      at Driver.findElements 
(node_modules/selenium-webdriver/lib/webdriver.js:1073:17)

  ΓùÅ Blood Bank Complete Flow Tests ΓÇ║ should successfully login as blood 
bank

    UnexpectedAlertOpenError: unexpected alert open: {Alert text : ΓÜá∩╕Å Your 
session has expired. Please log in again.}
      (Session info: chrome=141.0.7390.123)

      at Object.throwDecodedError 
(node_modules/selenium-webdriver/lib/error.js:523:15)
      at parseHttpResponse (node_modules/selenium-webdriver/lib/http.js:524:13)
      at Executor.execute (node_modules/selenium-webdriver/lib/http.js:456:28)
      at Driver.execute 
(node_modules/selenium-webdriver/lib/webdriver.js:745:17)
      at Driver.findElements 
(node_modules/selenium-webdriver/lib/webdriver.js:1073:17)

  ΓùÅ Blood Bank Complete Flow Tests ΓÇ║ should load blood bank registration 
page

    UnexpectedAlertOpenError: unexpected alert open: {Alert text : ΓÜá∩╕Å Your 
session has expired. Please log in again.}
      (Session info: chrome=141.0.7390.123)

      at Object.throwDecodedError 
(node_modules/selenium-webdriver/lib/error.js:523:15)
      at parseHttpResponse (node_modules/selenium-webdriver/lib/http.js:524:13)
      at Executor.execute (node_modules/selenium-webdriver/lib/http.js:456:28)
      at Driver.execute 
(node_modules/selenium-webdriver/lib/webdriver.js:745:17)
      at Driver.findElements 
(node_modules/selenium-webdriver/lib/webdriver.js:1073:17)

  ΓùÅ Blood Bank Complete Flow Tests ΓÇ║ should validate blood bank 
registration fields

    UnexpectedAlertOpenError: unexpected alert open: {Alert text : ΓÜá∩╕Å Your 
session has expired. Please log in again.}
      (Session info: chrome=141.0.7390.123)

      at Object.throwDecodedError 
(node_modules/selenium-webdriver/lib/error.js:523:15)
      at parseHttpResponse (node_modules/selenium-webdriver/lib/http.js:524:13)
      at Executor.execute (node_modules/selenium-webdriver/lib/http.js:456:28)
      at Driver.execute 
(node_modules/selenium-webdriver/lib/webdriver.js:745:17)
      at Driver.findElements 
(node_modules/selenium-webdriver/lib/webdriver.js:1073:17)

FAIL tests/login.test.js (274.143 s)
  ΓùÅ Login Functionality Tests ΓÇ║ should load login page successfully

    thrown: "Exceeded timeout of 30000 ms for a hook.
    Add a timeout value to this test to increase the timeout, if this is a 
long-running test. See https://jestjs.io/docs/api#testname-fn-timeout."

    [0m [90m 26 |[39m   })[33m;[39m
     [90m 27 |[39m
    [31m[1m>[22m[39m[90m 28 |[39m   beforeEach([36masync[39m () 
[33m=>[39m {
     [90m    |[39m   [31m[1m^[22m[39m
     [90m 29 |[39m     [90m// Navigate to the login page before each 
test[39m
     [90m 30 |[39m     [36mawait[39m driver[33m.[39m[36mget[39m([32m'h
ttp://localhost:5173/login'[39m)[33m;[39m [90m// Adjust URL as needed[39m
     [90m 31 |[39m   })[33m;[39m[0m

      at tests/login.test.js:28:3
      at Object.<anonymous> (tests/login.test.js:4:1)

  ΓùÅ Login Functionality Tests ΓÇ║ should show error for invalid credentials

    thrown: "Exceeded timeout of 30000 ms for a hook.
    Add a timeout value to this test to increase the timeout, if this is a 
long-running test. See https://jestjs.io/docs/api#testname-fn-timeout."

    [0m [90m 26 |[39m   })[33m;[39m
     [90m 27 |[39m
    [31m[1m>[22m[39m[90m 28 |[39m   beforeEach([36masync[39m () 
[33m=>[39m {
     [90m    |[39m   [31m[1m^[22m[39m
     [90m 29 |[39m     [90m// Navigate to the login page before each 
test[39m
     [90m 30 |[39m     [36mawait[39m driver[33m.[39m[36mget[39m([32m'h
ttp://localhost:5173/login'[39m)[33m;[39m [90m// Adjust URL as needed[39m
     [90m 31 |[39m   })[33m;[39m[0m

      at tests/login.test.js:28:3
      at Object.<anonymous> (tests/login.test.js:4:1)

  ΓùÅ Login Functionality Tests ΓÇ║ should show validation error for empty 
fields

    thrown: "Exceeded timeout of 30000 ms for a hook.
    Add a timeout value to this test to increase the timeout, if this is a 
long-running test. See https://jestjs.io/docs/api#testname-fn-timeout."

    [0m [90m 26 |[39m   })[33m;[39m
     [90m 27 |[39m
    [31m[1m>[22m[39m[90m 28 |[39m   beforeEach([36masync[39m () 
[33m=>[39m {
     [90m    |[39m   [31m[1m^[22m[39m
     [90m 29 |[39m     [90m// Navigate to the login page before each 
test[39m
     [90m 30 |[39m     [36mawait[39m driver[33m.[39m[36mget[39m([32m'h
ttp://localhost:5173/login'[39m)[33m;[39m [90m// Adjust URL as needed[39m
     [90m 31 |[39m   })[33m;[39m[0m

      at tests/login.test.js:28:3
      at Object.<anonymous> (tests/login.test.js:4:1)

  ΓùÅ Login Functionality Tests ΓÇ║ should navigate to forgot password section

    thrown: "Exceeded timeout of 30000 ms for a hook.
    Add a timeout value to this test to increase the timeout, if this is a 
long-running test. See https://jestjs.io/docs/api#testname-fn-timeout."

    [0m [90m 26 |[39m   })[33m;[39m
     [90m 27 |[39m
    [31m[1m>[22m[39m[90m 28 |[39m   beforeEach([36masync[39m () 
[33m=>[39m {
     [90m    |[39m   [31m[1m^[22m[39m
     [90m 29 |[39m     [90m// Navigate to the login page before each 
test[39m
     [90m 30 |[39m     [36mawait[39m driver[33m.[39m[36mget[39m([32m'h
ttp://localhost:5173/login'[39m)[33m;[39m [90m// Adjust URL as needed[39m
     [90m 31 |[39m   })[33m;[39m[0m

      at tests/login.test.js:28:3
      at Object.<anonymous> (tests/login.test.js:4:1)

  ΓùÅ Login Functionality Tests ΓÇ║ should show Firebase login option

    thrown: "Exceeded timeout of 30000 ms for a hook.
    Add a timeout value to this test to increase the timeout, if this is a 
long-running test. See https://jestjs.io/docs/api#testname-fn-timeout."

    [0m [90m 26 |[39m   })[33m;[39m
     [90m 27 |[39m
    [31m[1m>[22m[39m[90m 28 |[39m   beforeEach([36masync[39m () 
[33m=>[39m {
     [90m    |[39m   [31m[1m^[22m[39m
     [90m 29 |[39m     [90m// Navigate to the login page before each 
test[39m
     [90m 30 |[39m     [36mawait[39m driver[33m.[39m[36mget[39m([32m'h
ttp://localhost:5173/login'[39m)[33m;[39m [90m// Adjust URL as needed[39m
     [90m 31 |[39m   })[33m;[39m[0m

      at tests/login.test.js:28:3
      at Object.<anonymous> (tests/login.test.js:4:1)

  ΓùÅ Login Functionality Tests ΓÇ║ should have proper form attributes

    thrown: "Exceeded timeout of 30000 ms for a hook.
    Add a timeout value to this test to increase the timeout, if this is a 
long-running test. See https://jestjs.io/docs/api#testname-fn-timeout."

    [0m [90m 26 |[39m   })[33m;[39m
     [90m 27 |[39m
    [31m[1m>[22m[39m[90m 28 |[39m   beforeEach([36masync[39m () 
[33m=>[39m {
     [90m    |[39m   [31m[1m^[22m[39m
     [90m 29 |[39m     [90m// Navigate to the login page before each 
test[39m
     [90m 30 |[39m     [36mawait[39m driver[33m.[39m[36mget[39m([32m'h
ttp://localhost:5173/login'[39m)[33m;[39m [90m// Adjust URL as needed[39m
     [90m 31 |[39m   })[33m;[39m[0m

      at tests/login.test.js:28:3
      at Object.<anonymous> (tests/login.test.js:4:1)

  ΓùÅ Login Functionality Tests ΓÇ║ should display progress bar correctly

    thrown: "Exceeded timeout of 30000 ms for a hook.
    Add a timeout value to this test to increase the timeout, if this is a 
long-running test. See https://jestjs.io/docs/api#testname-fn-timeout."

    [0m [90m 26 |[39m   })[33m;[39m
     [90m 27 |[39m
    [31m[1m>[22m[39m[90m 28 |[39m   beforeEach([36masync[39m () 
[33m=>[39m {
     [90m    |[39m   [31m[1m^[22m[39m
     [90m 29 |[39m     [90m// Navigate to the login page before each 
test[39m
     [90m 30 |[39m     [36mawait[39m driver[33m.[39m[36mget[39m([32m'h
ttp://localhost:5173/login'[39m)[33m;[39m [90m// Adjust URL as needed[39m
     [90m 31 |[39m   })[33m;[39m[0m

      at tests/login.test.js:28:3
      at Object.<anonymous> (tests/login.test.js:4:1)

  ΓùÅ Login Functionality Tests ΓÇ║ should have back to home link

    thrown: "Exceeded timeout of 30000 ms for a hook.
    Add a timeout value to this test to increase the timeout, if this is a 
long-running test. See https://jestjs.io/docs/api#testname-fn-timeout."

    [0m [90m 26 |[39m   })[33m;[39m
     [90m 27 |[39m
    [31m[1m>[22m[39m[90m 28 |[39m   beforeEach([36masync[39m () 
[33m=>[39m {
     [90m    |[39m   [31m[1m^[22m[39m
     [90m 29 |[39m     [90m// Navigate to the login page before each 
test[39m
     [90m 30 |[39m     [36mawait[39m driver[33m.[39m[36mget[39m([32m'h
ttp://localhost:5173/login'[39m)[33m;[39m [90m// Adjust URL as needed[39m
     [90m 31 |[39m   })[33m;[39m[0m

      at tests/login.test.js:28:3
      at Object.<anonymous> (tests/login.test.js:4:1)


  ΓùÅ Test suite failed to run

    thrown: "Exceeded timeout of 30000 ms for a hook.
    Add a timeout value to this test to increase the timeout, if this is a 
long-running test. See https://jestjs.io/docs/api#testname-fn-timeout."

    [0m [90m 20 |[39m   })[33m;[39m
     [90m 21 |[39m
    [31m[1m>[22m[39m[90m 22 |[39m   afterAll([36masync[39m () 
[33m=>[39m {
     [90m    |[39m   [31m[1m^[22m[39m
     [90m 23 |[39m     [36mif[39m (driver) {
     [90m 24 |[39m       [36mawait[39m driver[33m.[39mquit()[33m;[39m
     [90m 25 |[39m     }[0m

      at tests/login.test.js:22:3
      at Object.<anonymous> (tests/login.test.js:4:1)

A worker process has failed to exit gracefully and has been force exited. This 
is likely caused by tests leaking due to improper teardown. Try running with 
--detectOpenHandles to find leaks. Active timers can also cause this, ensure 
that .unref() was called on them.
Test Suites: 5 failed, 5 total
Tests:       27 failed, 1 passed, 28 total
Snapshots:   0 total
Time:        275.432 s
Ran all test suites.
