  console.log
    Logging in as jeevan@gmail.com...

      at Object.<anonymous> (tests/donor-search-functional.test.js:37:17)

  console.log
    --- BROWSER LOGS ---

      at Object.<anonymous> (tests/donor-search-functional.test.js:24:21)

  console.log
    [SEVERE] http://localhost:3003/vite.svg - Failed to load resource: the server responded with a status of 404 (Not Found)

      at tests/donor-search-functional.test.js:25:41
          at Array.forEach (<anonymous>)

  console.log
    [SEVERE] http://localhost:3003/api/store-manager/staff - Failed to load resource: the server responded with a status of 404 (Not Found)

      at tests/donor-search-functional.test.js:25:41
          at Array.forEach (<anonymous>)

  console.log
    [SEVERE] http://localhost:3003/assets/index-SHCfl6PA.js 64:6217 "Γ¥î API Error: GET /api/store-manager/staff"

      at tests/donor-search-functional.test.js:25:41
          at Array.forEach (<anonymous>)

  console.log
    [SEVERE] http://localhost:3003/assets/index-SHCfl6PA.js 64:6257 "   Status: 404"

      at tests/donor-search-functional.test.js:25:41
          at Array.forEach (<anonymous>)

  console.log
    [SEVERE] http://localhost:3003/assets/index-SHCfl6PA.js 64:6307 "   Message: Route not found on BloodBank Backend (5004)"

      at tests/donor-search-functional.test.js:25:41
          at Array.forEach (<anonymous>)

  console.log
    [SEVERE] http://localhost:3003/assets/index-SHCfl6PA.js 64:6341 "   Response Data:" Object

      at tests/donor-search-functional.test.js:25:41
          at Array.forEach (<anonymous>)

  console.log
    [SEVERE] http://localhost:3003/assets/index-SHCfl6PA.js 64:6456 "≡ƒÜ¿ ROUTE NOT FOUND DETAILS:"

      at tests/donor-search-functional.test.js:25:41
          at Array.forEach (<anonymous>)

  console.log
    [SEVERE] http://localhost:3003/assets/index-SHCfl6PA.js 64:6501 "   Full URL: /api/store-manager/staff"

      at tests/donor-search-functional.test.js:25:41
          at Array.forEach (<anonymous>)

  console.log
    [SEVERE] http://localhost:3003/assets/index-SHCfl6PA.js 64:6536 "   Base URL: /api"

      at tests/donor-search-functional.test.js:25:41
          at Array.forEach (<anonymous>)

  console.log
    [SEVERE] http://localhost:3003/assets/index-SHCfl6PA.js 64:6587 "   Endpoint: /store-manager/staff"

      at tests/donor-search-functional.test.js:25:41
          at Array.forEach (<anonymous>)

  console.log
    [SEVERE] http://localhost:3003/assets/index-SHCfl6PA.js 64:6622 "   Check if this route exists in your backend API"

      at tests/donor-search-functional.test.js:25:41
          at Array.forEach (<anonymous>)

  console.log
    [SEVERE] http://localhost:3003/assets/index-SHCfl6PA.js 2211:1332 "Staff fetch error:" Object

      at tests/donor-search-functional.test.js:25:41
          at Array.forEach (<anonymous>)

  console.log
    --- END BROWSER LOGS ---

      at Object.<anonymous> (tests/donor-search-functional.test.js:26:21)

  console.log
    Navigating to donor search page...

      at Object.<anonymous> (tests/donor-search-functional.test.js:73:17)

  console.log
    Γ£à Page loaded successfully

      at Object.<anonymous> (tests/donor-search-functional.test.js:79:17)

  console.log
    --- BROWSER LOGS ---

      at Object.<anonymous> (tests/donor-search-functional.test.js:24:21)

  console.log
    [SEVERE] http://localhost:5003/users/me - Failed to load resource: the server responded with a status of 404 (Not Found)

      at tests/donor-search-functional.test.js:25:41
          at Array.forEach (<anonymous>)

  console.log
    [SEVERE] http://localhost:5173/src/lib/api.js 69:14 "Γ¥î API Error: GET http://localhost:5003/users/me"

      at tests/donor-search-functional.test.js:25:41
          at Array.forEach (<anonymous>)

  console.log
    [SEVERE] http://localhost:5173/src/lib/api.js 70:14 "   Status: 404"

      at tests/donor-search-functional.test.js:25:41
          at Array.forEach (<anonymous>)

  console.log
    [SEVERE] http://localhost:5173/src/lib/api.js 71:14 "   Message: User not found"

      at tests/donor-search-functional.test.js:25:41
          at Array.forEach (<anonymous>)

  console.log
    [SEVERE] http://localhost:5173/src/lib/api.js 72:14 "   Response Data:" Object

      at tests/donor-search-functional.test.js:25:41
          at Array.forEach (<anonymous>)

  console.log
    [SEVERE] http://localhost:5173/src/lib/api.js 78:14 "≡ƒÜ¿ ROUTE NOT FOUND DETAILS:"

      at tests/donor-search-functional.test.js:25:41
          at Array.forEach (<anonymous>)

  console.log
    [SEVERE] http://localhost:5173/src/lib/api.js 79:14 "   Full URL: http://localhost:5003/users/me"

      at tests/donor-search-functional.test.js:25:41
          at Array.forEach (<anonymous>)

  console.log
    [SEVERE] http://localhost:5173/src/lib/api.js 80:14 "   Base URL: http://localhost:5003"

      at tests/donor-search-functional.test.js:25:41
          at Array.forEach (<anonymous>)

  console.log
    [SEVERE] http://localhost:5173/src/lib/api.js 81:14 "   Endpoint: /users/me"

      at tests/donor-search-functional.test.js:25:41
          at Array.forEach (<anonymous>)

  console.log
    [SEVERE] http://localhost:5173/src/lib/api.js 82:14 "   Check if this route exists in your backend API"

      at tests/donor-search-functional.test.js:25:41
          at Array.forEach (<anonymous>)

  console.log
    [SEVERE] http://localhost:5173/src/components/Layout.jsx 46:28 "Error fetching user data:" AxiosError

      at tests/donor-search-functional.test.js:25:41
          at Array.forEach (<anonymous>)

  console.log
    [SEVERE] http://localhost:5003/users/me - Failed to load resource: the server responded with a status of 404 (Not Found)

      at tests/donor-search-functional.test.js:25:41
          at Array.forEach (<anonymous>)

  console.log
    [SEVERE] http://localhost:5173/src/lib/api.js 69:14 "Γ¥î API Error: GET http://localhost:5003/users/me"

      at tests/donor-search-functional.test.js:25:41
          at Array.forEach (<anonymous>)

  console.log
    [SEVERE] http://localhost:5173/src/lib/api.js 70:14 "   Status: 404"

      at tests/donor-search-functional.test.js:25:41
          at Array.forEach (<anonymous>)

  console.log
    [SEVERE] http://localhost:5173/src/lib/api.js 71:14 "   Message: User not found"

      at tests/donor-search-functional.test.js:25:41
          at Array.forEach (<anonymous>)

  console.log
    [SEVERE] http://localhost:5173/src/lib/api.js 72:14 "   Response Data:" Object

      at tests/donor-search-functional.test.js:25:41
          at Array.forEach (<anonymous>)

  console.log
    [SEVERE] http://localhost:5173/src/lib/api.js 78:14 "≡ƒÜ¿ ROUTE NOT FOUND DETAILS:"

      at tests/donor-search-functional.test.js:25:41
          at Array.forEach (<anonymous>)

  console.log
    [SEVERE] http://localhost:5173/src/lib/api.js 79:14 "   Full URL: http://localhost:5003/users/me"

      at tests/donor-search-functional.test.js:25:41
          at Array.forEach (<anonymous>)

  console.log
    [SEVERE] http://localhost:5173/src/lib/api.js 80:14 "   Base URL: http://localhost:5003"

      at tests/donor-search-functional.test.js:25:41
          at Array.forEach (<anonymous>)

  console.log
    [SEVERE] http://localhost:5173/src/lib/api.js 81:14 "   Endpoint: /users/me"

      at tests/donor-search-functional.test.js:25:41
          at Array.forEach (<anonymous>)

  console.log
    [SEVERE] http://localhost:5173/src/lib/api.js 82:14 "   Check if this route exists in your backend API"

      at tests/donor-search-functional.test.js:25:41
          at Array.forEach (<anonymous>)

  console.log
    [SEVERE] http://localhost:5173/src/components/Layout.jsx 46:28 "Error fetching user data:" AxiosError

      at tests/donor-search-functional.test.js:25:41
          at Array.forEach (<anonymous>)

  console.log
    --- END BROWSER LOGS ---

      at Object.<anonymous> (tests/donor-search-functional.test.js:26:21)

  console.log
    Starting search by MRID 402...

      at Object.<anonymous> (tests/donor-search-functional.test.js:83:17)

  console.log
    Waiting for results...

      at Object.<anonymous> (tests/donor-search-functional.test.js:91:17)

  console.log
    Γ£à Found matching donors in results

      at Object.<anonymous> (tests/donor-search-functional.test.js:103:17)

  console.log
    --- BROWSER LOGS ---

      at Object.<anonymous> (tests/donor-search-functional.test.js:24:21)

  console.log
    [SEVERE] http://localhost:5003/users/me - Failed to load resource: the server responded with a status of 404 (Not Found)

      at tests/donor-search-functional.test.js:25:41
          at Array.forEach (<anonymous>)

  console.log
    [SEVERE] http://localhost:5173/src/lib/api.js?t=1771995550790 69:14 "Γ¥î API Error: GET http://localhost:5003/users/me"

      at tests/donor-search-functional.test.js:25:41
          at Array.forEach (<anonymous>)

  console.log
    [SEVERE] http://localhost:5173/src/lib/api.js?t=1771995550790 70:14 "   Status: 404"

      at tests/donor-search-functional.test.js:25:41
          at Array.forEach (<anonymous>)

  console.log
    [SEVERE] http://localhost:5173/src/lib/api.js?t=1771995550790 71:14 "   Message: User not found"

      at tests/donor-search-functional.test.js:25:41
          at Array.forEach (<anonymous>)

  console.log
    [SEVERE] http://localhost:5173/src/lib/api.js?t=1771995550790 72:14 "   Response Data:" Object

      at tests/donor-search-functional.test.js:25:41
          at Array.forEach (<anonymous>)

  console.log
    [SEVERE] http://localhost:5173/src/lib/api.js?t=1771995550790 78:14 "≡ƒÜ¿ ROUTE NOT FOUND DETAILS:"

      at tests/donor-search-functional.test.js:25:41
          at Array.forEach (<anonymous>)

  console.log
    [SEVERE] http://localhost:5173/src/lib/api.js?t=1771995550790 79:14 "   Full URL: http://localhost:5003/users/me"

      at tests/donor-search-functional.test.js:25:41
          at Array.forEach (<anonymous>)

  console.log
    [SEVERE] http://localhost:5173/src/lib/api.js?t=1771995550790 80:14 "   Base URL: http://localhost:5003"

      at tests/donor-search-functional.test.js:25:41
          at Array.forEach (<anonymous>)

  console.log
    [SEVERE] http://localhost:5173/src/lib/api.js?t=1771995550790 81:14 "   Endpoint: /users/me"

      at tests/donor-search-functional.test.js:25:41
          at Array.forEach (<anonymous>)

  console.log
    [SEVERE] http://localhost:5173/src/lib/api.js?t=1771995550790 82:14 "   Check if this route exists in your backend API"

      at tests/donor-search-functional.test.js:25:41
          at Array.forEach (<anonymous>)

  console.log
    [SEVERE] http://localhost:5173/src/components/Layout.jsx?t=1771995550790 46:28 "Error fetching user data:" AxiosError

      at tests/donor-search-functional.test.js:25:41
          at Array.forEach (<anonymous>)

  console.log
    [SEVERE] http://localhost:5003/users/me - Failed to load resource: the server responded with a status of 404 (Not Found)

      at tests/donor-search-functional.test.js:25:41
          at Array.forEach (<anonymous>)

  console.log
    [SEVERE] http://localhost:5173/src/lib/api.js?t=1771995550790 69:14 "Γ¥î API Error: GET http://localhost:5003/users/me"

      at tests/donor-search-functional.test.js:25:41
          at Array.forEach (<anonymous>)

  console.log
    [SEVERE] http://localhost:5173/src/lib/api.js?t=1771995550790 70:14 "   Status: 404"

      at tests/donor-search-functional.test.js:25:41
          at Array.forEach (<anonymous>)

  console.log
    [SEVERE] http://localhost:5173/src/lib/api.js?t=1771995550790 71:14 "   Message: User not found"

      at tests/donor-search-functional.test.js:25:41
          at Array.forEach (<anonymous>)

  console.log
    [SEVERE] http://localhost:5173/src/lib/api.js?t=1771995550790 72:14 "   Response Data:" Object

      at tests/donor-search-functional.test.js:25:41
          at Array.forEach (<anonymous>)

  console.log
    [SEVERE] http://localhost:5173/src/lib/api.js?t=1771995550790 78:14 "≡ƒÜ¿ ROUTE NOT FOUND DETAILS:"

      at tests/donor-search-functional.test.js:25:41
          at Array.forEach (<anonymous>)

  console.log
    [SEVERE] http://localhost:5173/src/lib/api.js?t=1771995550790 79:14 "   Full URL: http://localhost:5003/users/me"

      at tests/donor-search-functional.test.js:25:41
          at Array.forEach (<anonymous>)

  console.log
    [SEVERE] http://localhost:5173/src/lib/api.js?t=1771995550790 80:14 "   Base URL: http://localhost:5003"

      at tests/donor-search-functional.test.js:25:41
          at Array.forEach (<anonymous>)

  console.log
    [SEVERE] http://localhost:5173/src/lib/api.js?t=1771995550790 81:14 "   Endpoint: /users/me"

      at tests/donor-search-functional.test.js:25:41
          at Array.forEach (<anonymous>)

  console.log
    [SEVERE] http://localhost:5173/src/lib/api.js?t=1771995550790 82:14 "   Check if this route exists in your backend API"

      at tests/donor-search-functional.test.js:25:41
          at Array.forEach (<anonymous>)

  console.log
    [SEVERE] http://localhost:5173/src/components/Layout.jsx?t=1771995550790 46:28 "Error fetching user data:" AxiosError

      at tests/donor-search-functional.test.js:25:41
          at Array.forEach (<anonymous>)

  console.log
    [SEVERE] http://localhost:5003/users/me - Failed to load resource: the server responded with a status of 404 (Not Found)

      at tests/donor-search-functional.test.js:25:41
          at Array.forEach (<anonymous>)

  console.log
    [SEVERE] http://localhost:5173/src/lib/api.js?t=1771995550790 69:14 "Γ¥î API Error: GET http://localhost:5003/users/me"

      at tests/donor-search-functional.test.js:25:41
          at Array.forEach (<anonymous>)

  console.log
    [SEVERE] http://localhost:5173/src/lib/api.js?t=1771995550790 70:14 "   Status: 404"

      at tests/donor-search-functional.test.js:25:41
          at Array.forEach (<anonymous>)

  console.log
    [SEVERE] http://localhost:5173/src/lib/api.js?t=1771995550790 71:14 "   Message: User not found"

      at tests/donor-search-functional.test.js:25:41
          at Array.forEach (<anonymous>)

  console.log
    [SEVERE] http://localhost:5173/src/lib/api.js?t=1771995550790 72:14 "   Response Data:" Object

      at tests/donor-search-functional.test.js:25:41
          at Array.forEach (<anonymous>)

  console.log
    [SEVERE] http://localhost:5173/src/lib/api.js?t=1771995550790 78:14 "≡ƒÜ¿ ROUTE NOT FOUND DETAILS:"

      at tests/donor-search-functional.test.js:25:41
          at Array.forEach (<anonymous>)

  console.log
    [SEVERE] http://localhost:5173/src/lib/api.js?t=1771995550790 79:14 "   Full URL: http://localhost:5003/users/me"

      at tests/donor-search-functional.test.js:25:41
          at Array.forEach (<anonymous>)

  console.log
    [SEVERE] http://localhost:5173/src/lib/api.js?t=1771995550790 80:14 "   Base URL: http://localhost:5003"

      at tests/donor-search-functional.test.js:25:41
          at Array.forEach (<anonymous>)

  console.log
    [SEVERE] http://localhost:5173/src/lib/api.js?t=1771995550790 81:14 "   Endpoint: /users/me"

      at tests/donor-search-functional.test.js:25:41
          at Array.forEach (<anonymous>)

  console.log
    [SEVERE] http://localhost:5173/src/lib/api.js?t=1771995550790 82:14 "   Check if this route exists in your backend API"

      at tests/donor-search-functional.test.js:25:41
          at Array.forEach (<anonymous>)

  console.log
    [SEVERE] http://localhost:5173/src/components/Layout.jsx?t=1771995550790 46:28 "Error fetching user data:" AxiosError

      at tests/donor-search-functional.test.js:25:41
          at Array.forEach (<anonymous>)

  console.log
    --- END BROWSER LOGS ---

      at Object.<anonymous> (tests/donor-search-functional.test.js:26:21)

  console.log
    Searching by Blood Group B+...

      at Object.<anonymous> (tests/donor-search-functional.test.js:107:17)

  console.log
    Γ£à Search by Blood Group B+ completed

      at Object.<anonymous> (tests/donor-search-functional.test.js:123:17)

  console.log
    --- BROWSER LOGS ---

      at Object.<anonymous> (tests/donor-search-functional.test.js:24:21)

  console.log
    [SEVERE] http://localhost:5003/users/me - Failed to load resource: the server responded with a status of 404 (Not Found)

      at tests/donor-search-functional.test.js:25:41
          at Array.forEach (<anonymous>)

  console.log
    [SEVERE] http://localhost:5173/src/lib/api.js?t=1771995550790 69:14 "Γ¥î API Error: GET http://localhost:5003/users/me"

      at tests/donor-search-functional.test.js:25:41
          at Array.forEach (<anonymous>)

  console.log
    [SEVERE] http://localhost:5173/src/lib/api.js?t=1771995550790 70:14 "   Status: 404"

      at tests/donor-search-functional.test.js:25:41
          at Array.forEach (<anonymous>)

  console.log
    [SEVERE] http://localhost:5173/src/lib/api.js?t=1771995550790 71:14 "   Message: User not found"

      at tests/donor-search-functional.test.js:25:41
          at Array.forEach (<anonymous>)

  console.log
    [SEVERE] http://localhost:5173/src/lib/api.js?t=1771995550790 72:14 "   Response Data:" Object

      at tests/donor-search-functional.test.js:25:41
          at Array.forEach (<anonymous>)

  console.log
    [SEVERE] http://localhost:5173/src/lib/api.js?t=1771995550790 78:14 "≡ƒÜ¿ ROUTE NOT FOUND DETAILS:"

      at tests/donor-search-functional.test.js:25:41
          at Array.forEach (<anonymous>)

  console.log
    [SEVERE] http://localhost:5173/src/lib/api.js?t=1771995550790 79:14 "   Full URL: http://localhost:5003/users/me"

      at tests/donor-search-functional.test.js:25:41
          at Array.forEach (<anonymous>)

  console.log
    [SEVERE] http://localhost:5173/src/lib/api.js?t=1771995550790 80:14 "   Base URL: http://localhost:5003"

      at tests/donor-search-functional.test.js:25:41
          at Array.forEach (<anonymous>)

  console.log
    [SEVERE] http://localhost:5173/src/lib/api.js?t=1771995550790 81:14 "   Endpoint: /users/me"

      at tests/donor-search-functional.test.js:25:41
          at Array.forEach (<anonymous>)

  console.log
    [SEVERE] http://localhost:5173/src/lib/api.js?t=1771995550790 82:14 "   Check if this route exists in your backend API"

      at tests/donor-search-functional.test.js:25:41
          at Array.forEach (<anonymous>)

  console.log
    [SEVERE] http://localhost:5173/src/components/Layout.jsx?t=1771995550790 46:28 "Error fetching user data:" AxiosError

      at tests/donor-search-functional.test.js:25:41
          at Array.forEach (<anonymous>)

  console.log
    [SEVERE] http://localhost:5003/users/me - Failed to load resource: the server responded with a status of 404 (Not Found)

      at tests/donor-search-functional.test.js:25:41
          at Array.forEach (<anonymous>)

  console.log
    [SEVERE] http://localhost:5173/src/lib/api.js?t=1771995550790 69:14 "Γ¥î API Error: GET http://localhost:5003/users/me"

      at tests/donor-search-functional.test.js:25:41
          at Array.forEach (<anonymous>)

  console.log
    [SEVERE] http://localhost:5173/src/lib/api.js?t=1771995550790 70:14 "   Status: 404"

      at tests/donor-search-functional.test.js:25:41
          at Array.forEach (<anonymous>)

  console.log
    [SEVERE] http://localhost:5173/src/lib/api.js?t=1771995550790 71:14 "   Message: User not found"

      at tests/donor-search-functional.test.js:25:41
          at Array.forEach (<anonymous>)

  console.log
    [SEVERE] http://localhost:5173/src/lib/api.js?t=1771995550790 72:14 "   Response Data:" Object

      at tests/donor-search-functional.test.js:25:41
          at Array.forEach (<anonymous>)

  console.log
    [SEVERE] http://localhost:5173/src/lib/api.js?t=1771995550790 78:14 "≡ƒÜ¿ ROUTE NOT FOUND DETAILS:"

      at tests/donor-search-functional.test.js:25:41
          at Array.forEach (<anonymous>)

  console.log
    [SEVERE] http://localhost:5173/src/lib/api.js?t=1771995550790 79:14 "   Full URL: http://localhost:5003/users/me"

      at tests/donor-search-functional.test.js:25:41
          at Array.forEach (<anonymous>)

  console.log
    [SEVERE] http://localhost:5173/src/lib/api.js?t=1771995550790 80:14 "   Base URL: http://localhost:5003"

      at tests/donor-search-functional.test.js:25:41
          at Array.forEach (<anonymous>)

  console.log
    [SEVERE] http://localhost:5173/src/lib/api.js?t=1771995550790 81:14 "   Endpoint: /users/me"

      at tests/donor-search-functional.test.js:25:41
          at Array.forEach (<anonymous>)

  console.log
    [SEVERE] http://localhost:5173/src/lib/api.js?t=1771995550790 82:14 "   Check if this route exists in your backend API"

      at tests/donor-search-functional.test.js:25:41
          at Array.forEach (<anonymous>)

  console.log
    [SEVERE] http://localhost:5173/src/components/Layout.jsx?t=1771995550790 46:28 "Error fetching user data:" AxiosError

      at tests/donor-search-functional.test.js:25:41
          at Array.forEach (<anonymous>)

  console.log
    --- END BROWSER LOGS ---

      at Object.<anonymous> (tests/donor-search-functional.test.js:26:21)

node.exe : FAIL tests/donor-
search-functional.test.js 
(19.837 s)
At line:1 char:1
+ & "C:\Program 
Files\nodejs/node.exe" 
"C:\Program 
Files\nodejs/node_mo ...
+ ~~~~~~~~~~~~~~~~~~~~~~~~~~
~~~~~~~~~~~~~~~~~~~~~~~~~~~~
~~~~~~~~~~~~~~~
    + CategoryInfo          
    : NotSpecified: (FAIL   
  tests/dono...t.js (19.8   
 37 s):String) [], Remot    
eException
    + FullyQualifiedErrorId 
    : NativeCommandError
 
  Donor Search Functional 
Test
    ├ù should login as 
blood bank admin (12042 ms)
    ΓêÜ should load the 
donor search page (445 ms)
    ΓêÜ should search for 
donors using patient MRID 
402 (3309 ms)
    ΓêÜ should search by 
Blood Group B+ (2854 ms)

  ΓùÅ Donor Search 
Functional Test ΓÇ║ should 
login as blood bank admin

    NoSuchAlertError: no 
such alert
      (Session info: 
chrome=145.0.7632.110)

    [0m [90m 55 |[39m    
         [90m// Check if 
there's an alert[39m
     [90m 56 |[39m        
     [36mtry[39m {
    
[31m[1m>[22m[39m[90m 
57 |[39m                 
[36mconst[39m alert 
[33m=[39m [36mawait[39m 
driver[33m.[39mswitchTo()
[33m.[39malert()[33m;[39m
     [90m    |[39m        
                       
[31m[1m^[22m[39m
     [90m 58 |[39m        
         [36mconst[39m 
alertText [33m=[39m 
[36mawait[39m alert[33m.
[39mgetText()[33m;[39m
     [90m 59 |[39m        
         console[33m.[39me
rror([32m`Γ¥î Login failed 
with alert: ${alertText}`[3
9m)[33m;[39m
     [90m 60 |[39m        
         [36mawait[39m ale
rt[33m.[39maccept()[33m;
[39m[0m

      at 
Object.throwDecodedError (no
de_modules/selenium-webdrive
r/lib/error.js:523:15)
      at parseHttpResponse (
node_modules/selenium-webdri
ver/lib/http.js:524:13)
      at Executor.execute (n
ode_modules/selenium-webdriv
er/lib/http.js:456:28)
      at Driver.execute (nod
e_modules/selenium-webdriver
/lib/webdriver.js:745:17)
      at Object.<anonymous> 
(tests/donor-search-function
al.test.js:57:31)

Test Suites: 1 failed, 1 
total
Tests:       1 failed, 3 
passed, 4 total
Snapshots:   0 total
Time:        19.9 s, 
estimated 20 s
Ran all test suites 
matching tests/donor-search-
functional.test.js.
